/home/chayma/x-cube-azrtos-f4-main/Middlewares/sail/src/libsail/codec_info_private.c:37:12:pixel_format_from_string	16	static
/home/chayma/x-cube-azrtos-f4-main/Middlewares/sail/src/libsail/codec_info_private.c:42:12:compression_from_string	16	static
/home/chayma/x-cube-azrtos-f4-main/Middlewares/sail/src/libsail/codec_info_private.c:47:22:parse_serialized_ints	64	static
/home/chayma/x-cube-azrtos-f4-main/Middlewares/sail/src/libsail/codec_info_private.c:80:12:codec_feature_from_string	16	static
/home/chayma/x-cube-azrtos-f4-main/Middlewares/sail/src/libsail/codec_info_private.c:85:22:parse_flags	48	static
/home/chayma/x-cube-azrtos-f4-main/Middlewares/sail/src/libsail/codec_info_private.c:108:22:codec_priority_from_string	32	static
/home/chayma/x-cube-azrtos-f4-main/Middlewares/sail/src/libsail/codec_info_private.c:125:22:inih_handler_sail_error	96	static
/home/chayma/x-cube-azrtos-f4-main/Middlewares/sail/src/libsail/codec_info_private.c:246:12:inih_handler	32	static
/home/chayma/x-cube-azrtos-f4-main/Middlewares/sail/src/libsail/codec_info_private.c:254:22:check_codec_info	64	static
/home/chayma/x-cube-azrtos-f4-main/Middlewares/sail/src/libsail/codec_info_private.c:331:22:alloc_codec_info	32	static
/home/chayma/x-cube-azrtos-f4-main/Middlewares/sail/src/libsail/codec_info_private.c:353:22:codec_read_info_from_input	56	static
/home/chayma/x-cube-azrtos-f4-main/Middlewares/sail/src/libsail/codec_info_private.c:405:6:destroy_codec_info	16	static
/home/chayma/x-cube-azrtos-f4-main/Middlewares/sail/src/libsail/codec_info_private.c:426:15:codec_read_info_from_file	32	static
/home/chayma/x-cube-azrtos-f4-main/Middlewares/sail/src/libsail/codec_info_private.c:438:15:codec_read_info_from_string	32	static
