/home/chayma/x-cube-azrtos-f4-main/Middlewares/sail/src/libsail/context_private.c:188:22:alloc_context	32	static
/home/chayma/x-cube-azrtos-f4-main/Middlewares/sail/src/libsail/context_private.c:202:22:allocate_global_context	32	static
/home/chayma/x-cube-azrtos-f4-main/Middlewares/sail/src/libsail/context_private.c:216:22:destroy_context	16	static
/home/chayma/x-cube-azrtos-f4-main/Middlewares/sail/src/libsail/context_private.c:228:22:preload_codecs	40	static
/home/chayma/x-cube-azrtos-f4-main/Middlewares/sail/src/libsail/context_private.c:248:12:codec_bundle_priority_comparator	24	static
/home/chayma/x-cube-azrtos-f4-main/Middlewares/sail/src/libsail/context_private.c:260:22:sort_enumerated_codecs	56	static
/home/chayma/x-cube-azrtos-f4-main/Middlewares/sail/src/libsail/context_private.c:309:22:print_enumerated_codecs	56	static
/home/chayma/x-cube-azrtos-f4-main/Middlewares/sail/src/libsail/context_private.c:561:22:init_context_impl	48	static
/home/chayma/x-cube-azrtos-f4-main/Middlewares/sail/src/libsail/context_private.c:691:13:print_no_codecs_found	24	static
/home/chayma/x-cube-azrtos-f4-main/Middlewares/sail/src/libsail/context_private.c:709:13:print_build_statistics	16	static
/home/chayma/x-cube-azrtos-f4-main/Middlewares/sail/src/libsail/context_private.c:745:22:init_context	40	static
/home/chayma/x-cube-azrtos-f4-main/Middlewares/sail/src/libsail/context_private.c:791:15:destroy_global_context	24	static
/home/chayma/x-cube-azrtos-f4-main/Middlewares/sail/src/libsail/context_private.c:804:15:fetch_global_context_guarded	24	static
/home/chayma/x-cube-azrtos-f4-main/Middlewares/sail/src/libsail/context_private.c:811:15:fetch_global_context_unsafe	24	static
/home/chayma/x-cube-azrtos-f4-main/Middlewares/sail/src/libsail/context_private.c:818:15:fetch_global_context_guarded_with_flags	32	static
/home/chayma/x-cube-azrtos-f4-main/Middlewares/sail/src/libsail/context_private.c:832:15:fetch_global_context_unsafe_with_flags	32	static
/home/chayma/x-cube-azrtos-f4-main/Middlewares/sail/src/libsail/context_private.c:846:15:sail_unload_codecs_private	40	static
/home/chayma/x-cube-azrtos-f4-main/Middlewares/sail/src/libsail/context_private.c:879:15:lock_context	4	static
/home/chayma/x-cube-azrtos-f4-main/Middlewares/sail/src/libsail/context_private.c:890:15:unlock_context	4	static
