/home/chayma/x-cube-azrtos-f4-main/Middlewares/sail/src/libsail-manip/convert.c:51:13:pixel_consumer_gray8	32	static
/home/chayma/x-cube-azrtos-f4-main/Middlewares/sail/src/libsail-manip/convert.c:62:13:pixel_consumer_gray16	32	static
/home/chayma/x-cube-azrtos-f4-main/Middlewares/sail/src/libsail-manip/convert.c:73:13:pixel_consumer_rgb24_kind	40	static
/home/chayma/x-cube-azrtos-f4-main/Middlewares/sail/src/libsail-manip/convert.c:84:13:pixel_consumer_rgb48_kind	40	static
/home/chayma/x-cube-azrtos-f4-main/Middlewares/sail/src/libsail-manip/convert.c:95:13:pixel_consumer_rgba32_kind	56	static
/home/chayma/x-cube-azrtos-f4-main/Middlewares/sail/src/libsail-manip/convert.c:106:13:pixel_consumer_rgba64_kind	56	static
/home/chayma/x-cube-azrtos-f4-main/Middlewares/sail/src/libsail-manip/convert.c:117:13:pixel_consumer_ycbcr	32	static
/home/chayma/x-cube-azrtos-f4-main/Middlewares/sail/src/libsail-manip/convert.c:128:13:verify_and_construct_rgba_indexes_silent	24	static
/home/chayma/x-cube-azrtos-f4-main/Middlewares/sail/src/libsail-manip/convert.c:168:22:verify_and_construct_rgba_indexes_verbose	32	static
/home/chayma/x-cube-azrtos-f4-main/Middlewares/sail/src/libsail-manip/convert.c:178:22:convert_from_bpp1_indexed_or_grayscale	72	static
/home/chayma/x-cube-azrtos-f4-main/Middlewares/sail/src/libsail-manip/convert.c:212:22:convert_from_bpp2_indexed_or_grayscale	72	static
/home/chayma/x-cube-azrtos-f4-main/Middlewares/sail/src/libsail-manip/convert.c:246:22:convert_from_bpp4_indexed_or_grayscale	72	static
/home/chayma/x-cube-azrtos-f4-main/Middlewares/sail/src/libsail-manip/convert.c:280:22:convert_from_bpp8_indexed_or_grayscale	64	static
/home/chayma/x-cube-azrtos-f4-main/Middlewares/sail/src/libsail-manip/convert.c:304:22:convert_from_bpp16_grayscale	64	static
/home/chayma/x-cube-azrtos-f4-main/Middlewares/sail/src/libsail-manip/convert.c:321:22:convert_from_bpp16_grayscale_alpha	56	static
/home/chayma/x-cube-azrtos-f4-main/Middlewares/sail/src/libsail-manip/convert.c:339:22:convert_from_bpp32_grayscale_alpha	64	static
/home/chayma/x-cube-azrtos-f4-main/Middlewares/sail/src/libsail-manip/convert.c:357:22:convert_from_bpp16_rgb555	56	static
/home/chayma/x-cube-azrtos-f4-main/Middlewares/sail/src/libsail-manip/convert.c:373:22:convert_from_bpp16_bgr555	56	static
/home/chayma/x-cube-azrtos-f4-main/Middlewares/sail/src/libsail-manip/convert.c:389:22:convert_from_bpp16_rgb565	56	static
/home/chayma/x-cube-azrtos-f4-main/Middlewares/sail/src/libsail-manip/convert.c:405:22:convert_from_bpp16_bgr565	56	static
/home/chayma/x-cube-azrtos-f4-main/Middlewares/sail/src/libsail-manip/convert.c:421:22:convert_from_bpp24_rgb_kind	56	static
/home/chayma/x-cube-azrtos-f4-main/Middlewares/sail/src/libsail-manip/convert.c:437:22:convert_from_bpp48_rgb_kind	64	static
/home/chayma/x-cube-azrtos-f4-main/Middlewares/sail/src/libsail-manip/convert.c:453:22:convert_from_bpp32_rgba_kind	56	static
/home/chayma/x-cube-azrtos-f4-main/Middlewares/sail/src/libsail-manip/convert.c:469:22:convert_from_bpp64_rgba_kind	64	static
/home/chayma/x-cube-azrtos-f4-main/Middlewares/sail/src/libsail-manip/convert.c:485:22:convert_from_bpp32_cmyk	56	static
/home/chayma/x-cube-azrtos-f4-main/Middlewares/sail/src/libsail-manip/convert.c:503:22:convert_from_bpp24_ycbcr	56	static
/home/chayma/x-cube-azrtos-f4-main/Middlewares/sail/src/libsail-manip/convert.c:521:22:convert_from_bpp32_ycck	56	static
/home/chayma/x-cube-azrtos-f4-main/Middlewares/sail/src/libsail-manip/convert.c:539:22:conversion_impl	136	static
/home/chayma/x-cube-azrtos-f4-main/Middlewares/sail/src/libsail-manip/convert.c:706:15:sail_convert_image	32	static
/home/chayma/x-cube-azrtos-f4-main/Middlewares/sail/src/libsail-manip/convert.c:715:15:sail_convert_image_with_options	96	static
/home/chayma/x-cube-azrtos-f4-main/Middlewares/sail/src/libsail-manip/convert.c:747:15:sail_update_image	24	static
/home/chayma/x-cube-azrtos-f4-main/Middlewares/sail/src/libsail-manip/convert.c:754:15:sail_update_image_with_options	80	static
/home/chayma/x-cube-azrtos-f4-main/Middlewares/sail/src/libsail-manip/convert.c:784:6:sail_can_convert	56	static
/home/chayma/x-cube-azrtos-f4-main/Middlewares/sail/src/libsail-manip/convert.c:907:22:sail_closest_pixel_format	56	static
/home/chayma/x-cube-azrtos-f4-main/Middlewares/sail/src/libsail-manip/convert.c:947:22:sail_closest_pixel_format_from_save_features	16	static
/home/chayma/x-cube-azrtos-f4-main/Middlewares/sail/src/libsail-manip/convert.c:952:15:sail_convert_image_for_saving	32	static
/home/chayma/x-cube-azrtos-f4-main/Middlewares/sail/src/libsail-manip/convert.c:961:15:sail_convert_image_for_saving_with_options	40	static
