/home/chayma/x-cube-azrtos-f4-main/Middlewares/sail/src/libsail-common/hash_map.c:33:22:calculate_hash	40	static
/home/chayma/x-cube-azrtos-f4-main/Middlewares/sail/src/libsail-common/hash_map.c:48:15:sail_alloc_hash_map	40	static
/home/chayma/x-cube-azrtos-f4-main/Middlewares/sail/src/libsail-common/hash_map.c:63:6:sail_destroy_hash_map	16	static
/home/chayma/x-cube-azrtos-f4-main/Middlewares/sail/src/libsail-common/hash_map.c:74:15:sail_put_hash_map	72	static
/home/chayma/x-cube-azrtos-f4-main/Middlewares/sail/src/libsail-common/hash_map.c:115:6:sail_hash_map_has_key	32	static
/home/chayma/x-cube-azrtos-f4-main/Middlewares/sail/src/libsail-common/hash_map.c:132:22:sail_hash_map_value	32	static
/home/chayma/x-cube-azrtos-f4-main/Middlewares/sail/src/libsail-common/hash_map.c:149:10:sail_hash_map_size	32	static
/home/chayma/x-cube-azrtos-f4-main/Middlewares/sail/src/libsail-common/hash_map.c:164:6:sail_traverse_hash_map	24	static
/home/chayma/x-cube-azrtos-f4-main/Middlewares/sail/src/libsail-common/hash_map.c:174:6:sail_traverse_hash_map_with_user_data	32	static
/home/chayma/x-cube-azrtos-f4-main/Middlewares/sail/src/libsail-common/hash_map.c:186:6:sail_erase_hash_map_key	48	static
/home/chayma/x-cube-azrtos-f4-main/Middlewares/sail/src/libsail-common/hash_map.c:217:6:sail_clear_hash_map	24	static
/home/chayma/x-cube-azrtos-f4-main/Middlewares/sail/src/libsail-common/hash_map.c:225:15:sail_copy_hash_map	40	static
