/home/chayma/x-cube-azrtos-f4-main/Middlewares/sail/src/libsail-manip/manip_utils.c:33:15:get_palette_rgba32	40	static
/home/chayma/x-cube-azrtos-f4-main/Middlewares/sail/src/libsail-manip/manip_utils.c:68:6:spread_gray8_to_rgba32	16	static
/home/chayma/x-cube-azrtos-f4-main/Middlewares/sail/src/libsail-manip/manip_utils.c:74:6:spread_gray16_to_rgba32	16	static
/home/chayma/x-cube-azrtos-f4-main/Middlewares/sail/src/libsail-manip/manip_utils.c:80:6:spread_gray8_to_rgba64	16	static
/home/chayma/x-cube-azrtos-f4-main/Middlewares/sail/src/libsail-manip/manip_utils.c:86:6:spread_gray16_to_rgba64	16	static
/home/chayma/x-cube-azrtos-f4-main/Middlewares/sail/src/libsail-manip/manip_utils.c:92:6:fill_gray8_pixel_from_uint8_values	56	static
/home/chayma/x-cube-azrtos-f4-main/Middlewares/sail/src/libsail-manip/manip_utils.c:111:6:fill_gray8_pixel_from_uint16_values	56	static
/home/chayma/x-cube-azrtos-f4-main/Middlewares/sail/src/libsail-manip/manip_utils.c:130:6:fill_gray16_pixel_from_uint8_values	56	static
/home/chayma/x-cube-azrtos-f4-main/Middlewares/sail/src/libsail-manip/manip_utils.c:149:6:fill_gray16_pixel_from_uint16_values	56	static
/home/chayma/x-cube-azrtos-f4-main/Middlewares/sail/src/libsail-manip/manip_utils.c:168:6:fill_rgb24_pixel_from_uint8_values	48	static
/home/chayma/x-cube-azrtos-f4-main/Middlewares/sail/src/libsail-manip/manip_utils.c:183:6:fill_rgb24_pixel_from_uint16_values	48	static
/home/chayma/x-cube-azrtos-f4-main/Middlewares/sail/src/libsail-manip/manip_utils.c:198:6:fill_rgb48_pixel_from_uint8_values	48	static
/home/chayma/x-cube-azrtos-f4-main/Middlewares/sail/src/libsail-manip/manip_utils.c:213:6:fill_rgb48_pixel_from_uint16_values	48	static
/home/chayma/x-cube-azrtos-f4-main/Middlewares/sail/src/libsail-manip/manip_utils.c:228:6:fill_rgba32_pixel_from_uint8_values	48	static
/home/chayma/x-cube-azrtos-f4-main/Middlewares/sail/src/libsail-manip/manip_utils.c:247:6:fill_rgba32_pixel_from_uint16_values	48	static
/home/chayma/x-cube-azrtos-f4-main/Middlewares/sail/src/libsail-manip/manip_utils.c:266:6:fill_rgba64_pixel_from_uint8_values	48	static
/home/chayma/x-cube-azrtos-f4-main/Middlewares/sail/src/libsail-manip/manip_utils.c:285:6:fill_rgba64_pixel_from_uint16_values	48	static
/home/chayma/x-cube-azrtos-f4-main/Middlewares/sail/src/libsail-manip/manip_utils.c:304:6:fill_ycbcr_pixel_from_uint8_values	56	static
/home/chayma/x-cube-azrtos-f4-main/Middlewares/sail/src/libsail-manip/manip_utils.c:321:6:fill_ycbcr_pixel_from_uint16_values	56	static
