/home/chayma/x-cube-azrtos-f4-main/Middlewares/sail/src/libsail-common/utils.c:52:22:hex_string_into_data	40	static
/home/chayma/x-cube-azrtos-f4-main/Middlewares/sail/src/libsail-common/utils.c:76:15:sail_memdup	40	static
/home/chayma/x-cube-azrtos-f4-main/Middlewares/sail/src/libsail-common/utils.c:95:15:sail_strdup	24	static
/home/chayma/x-cube-azrtos-f4-main/Middlewares/sail/src/libsail-common/utils.c:109:15:sail_strdup_length	40	static
/home/chayma/x-cube-azrtos-f4-main/Middlewares/sail/src/libsail-common/utils.c:131:15:sail_concat	52	static
/home/chayma/x-cube-azrtos-f4-main/Middlewares/sail/src/libsail-common/utils.c:179:6:sail_to_lower	32	static
/home/chayma/x-cube-azrtos-f4-main/Middlewares/sail/src/libsail-common/utils.c:192:15:sail_to_wchar	40	static
/home/chayma/x-cube-azrtos-f4-main/Middlewares/sail/src/libsail-common/utils.c:224:15:sail_string_hash	56	static
/home/chayma/x-cube-azrtos-f4-main/Middlewares/sail/src/libsail-common/utils.c:245:15:sail_bits_per_pixel	24	static
/home/chayma/x-cube-azrtos-f4-main/Middlewares/sail/src/libsail-common/utils.c:355:22:sail_compare_bits_per_pixel	40	static
/home/chayma/x-cube-azrtos-f4-main/Middlewares/sail/src/libsail-common/utils.c:391:15:sail_less_bits_per_pixel	24	static
/home/chayma/x-cube-azrtos-f4-main/Middlewares/sail/src/libsail-common/utils.c:398:15:sail_less_equal_bits_per_pixel	24	static
/home/chayma/x-cube-azrtos-f4-main/Middlewares/sail/src/libsail-common/utils.c:405:15:sail_equal_bits_per_pixel	24	static
/home/chayma/x-cube-azrtos-f4-main/Middlewares/sail/src/libsail-common/utils.c:412:15:sail_greater_equal_bits_per_pixel	24	static
/home/chayma/x-cube-azrtos-f4-main/Middlewares/sail/src/libsail-common/utils.c:419:15:sail_greater_bits_per_pixel	24	static
/home/chayma/x-cube-azrtos-f4-main/Middlewares/sail/src/libsail-common/utils.c:426:15:sail_bytes_per_line	48	static
/home/chayma/x-cube-azrtos-f4-main/Middlewares/sail/src/libsail-common/utils.c:443:6:sail_is_indexed	16	static
/home/chayma/x-cube-azrtos-f4-main/Middlewares/sail/src/libsail-common/utils.c:459:6:sail_is_grayscale	16	static
/home/chayma/x-cube-azrtos-f4-main/Middlewares/sail/src/libsail-common/utils.c:479:6:sail_is_rgb_family	16	static
/home/chayma/x-cube-azrtos-f4-main/Middlewares/sail/src/libsail-common/utils.c:518:15:sail_print_errno	24	static
/home/chayma/x-cube-azrtos-f4-main/Middlewares/sail/src/libsail-common/utils.c:538:10:sail_now	64	static
/home/chayma/x-cube-azrtos-f4-main/Middlewares/sail/src/libsail-common/utils.c:575:6:sail_path_exists	16	static
/home/chayma/x-cube-azrtos-f4-main/Middlewares/sail/src/libsail-common/utils.c:589:6:sail_is_dir	104	static
/home/chayma/x-cube-azrtos-f4-main/Middlewares/sail/src/libsail-common/utils.c:615:6:sail_is_file	104	static
/home/chayma/x-cube-azrtos-f4-main/Middlewares/sail/src/libsail-common/utils.c:641:15:sail_file_size	120	static
/home/chayma/x-cube-azrtos-f4-main/Middlewares/sail/src/libsail-common/utils.c:675:15:sail_file_contents_into_data	40	static
/home/chayma/x-cube-azrtos-f4-main/Middlewares/sail/src/libsail-common/utils.c:703:15:sail_file_contents_to_data	48	static
/home/chayma/x-cube-azrtos-f4-main/Middlewares/sail/src/libsail-common/utils.c:723:15:sail_hex_string_into_data	32	static
/home/chayma/x-cube-azrtos-f4-main/Middlewares/sail/src/libsail-common/utils.c:734:15:sail_hex_string_to_data	56	static
/home/chayma/x-cube-azrtos-f4-main/Middlewares/sail/src/libsail-common/utils.c:756:15:sail_data_into_hex_string	48	static
/home/chayma/x-cube-azrtos-f4-main/Middlewares/sail/src/libsail-common/utils.c:778:15:sail_data_to_hex_string	48	static
