/home/haifa/PFA/x-cube-azrtos-f4-main/Middlewares/sail/src/libsail/io_file.c:54:22:io_file_tolerant_read	40	static
/home/haifa/PFA/x-cube-azrtos-f4-main/Middlewares/sail/src/libsail/io_file.c:70:22:io_file_strict_read	40	static
/home/haifa/PFA/x-cube-azrtos-f4-main/Middlewares/sail/src/libsail/io_file.c:83:22:io_file_tolerant_write	40	static
/home/haifa/PFA/x-cube-azrtos-f4-main/Middlewares/sail/src/libsail/io_file.c:96:22:io_file_strict_write	40	static
/home/haifa/PFA/x-cube-azrtos-f4-main/Middlewares/sail/src/libsail/io_file.c:109:22:io_file_seek	40	static
/home/haifa/PFA/x-cube-azrtos-f4-main/Middlewares/sail/src/libsail/io_file.c:123:22:io_file_tell	32	static
/home/haifa/PFA/x-cube-azrtos-f4-main/Middlewares/sail/src/libsail/io_file.c:142:22:io_file_flush	32	static
/home/haifa/PFA/x-cube-azrtos-f4-main/Middlewares/sail/src/libsail/io_file.c:156:22:io_file_close	32	static
/home/haifa/PFA/x-cube-azrtos-f4-main/Middlewares/sail/src/libsail/io_file.c:170:22:io_file_eof	32	static
/home/haifa/PFA/x-cube-azrtos-f4-main/Middlewares/sail/src/libsail/io_file.c:182:22:alloc_io_file	40	static
/home/haifa/PFA/x-cube-azrtos-f4-main/Middlewares/sail/src/libsail/io_file.c:218:15:sail_alloc_io_read_file	24	static
/home/haifa/PFA/x-cube-azrtos-f4-main/Middlewares/sail/src/libsail/io_file.c:236:15:sail_alloc_io_read_write_file	24	static
