/home/haifa/PFA/x-cube-azrtos-f4-main/Middlewares/sail/src/libsail-common/variant.c:33:22:set_variant_value	40	static
/home/haifa/PFA/x-cube-azrtos-f4-main/Middlewares/sail/src/libsail-common/variant.c:47:22:alloc_variant	40	static
/home/haifa/PFA/x-cube-azrtos-f4-main/Middlewares/sail/src/libsail-common/variant.c:65:15:sail_alloc_variant	32	static
/home/haifa/PFA/x-cube-azrtos-f4-main/Middlewares/sail/src/libsail-common/variant.c:80:6:sail_destroy_variant	16	static
/home/haifa/PFA/x-cube-azrtos-f4-main/Middlewares/sail/src/libsail-common/variant.c:90:15:sail_set_variant_bool	24	static
/home/haifa/PFA/x-cube-azrtos-f4-main/Middlewares/sail/src/libsail-common/variant.c:97:15:sail_set_variant_char	24	static
/home/haifa/PFA/x-cube-azrtos-f4-main/Middlewares/sail/src/libsail-common/variant.c:104:15:sail_set_variant_unsigned_char	24	static
/home/haifa/PFA/x-cube-azrtos-f4-main/Middlewares/sail/src/libsail-common/variant.c:111:15:sail_set_variant_short	24	static
/home/haifa/PFA/x-cube-azrtos-f4-main/Middlewares/sail/src/libsail-common/variant.c:118:15:sail_set_variant_unsigned_short	24	static
/home/haifa/PFA/x-cube-azrtos-f4-main/Middlewares/sail/src/libsail-common/variant.c:125:15:sail_set_variant_int	24	static
/home/haifa/PFA/x-cube-azrtos-f4-main/Middlewares/sail/src/libsail-common/variant.c:132:15:sail_set_variant_unsigned_int	24	static
/home/haifa/PFA/x-cube-azrtos-f4-main/Middlewares/sail/src/libsail-common/variant.c:139:15:sail_set_variant_long	24	static
/home/haifa/PFA/x-cube-azrtos-f4-main/Middlewares/sail/src/libsail-common/variant.c:146:15:sail_set_variant_unsigned_long	24	static
/home/haifa/PFA/x-cube-azrtos-f4-main/Middlewares/sail/src/libsail-common/variant.c:153:15:sail_set_variant_float	24	static
/home/haifa/PFA/x-cube-azrtos-f4-main/Middlewares/sail/src/libsail-common/variant.c:160:15:sail_set_variant_double	32	static
/home/haifa/PFA/x-cube-azrtos-f4-main/Middlewares/sail/src/libsail-common/variant.c:167:15:sail_set_variant_string	24	static
/home/haifa/PFA/x-cube-azrtos-f4-main/Middlewares/sail/src/libsail-common/variant.c:174:15:sail_set_variant_adopted_string	24	static
/home/haifa/PFA/x-cube-azrtos-f4-main/Middlewares/sail/src/libsail-common/variant.c:187:15:sail_set_variant_substring	32	static
/home/haifa/PFA/x-cube-azrtos-f4-main/Middlewares/sail/src/libsail-common/variant.c:197:15:sail_set_variant_data	32	static
/home/haifa/PFA/x-cube-azrtos-f4-main/Middlewares/sail/src/libsail-common/variant.c:204:15:sail_set_variant_adopted_data	32	static
/home/haifa/PFA/x-cube-azrtos-f4-main/Middlewares/sail/src/libsail-common/variant.c:217:6:sail_variant_to_bool	16	static
/home/haifa/PFA/x-cube-azrtos-f4-main/Middlewares/sail/src/libsail-common/variant.c:222:6:sail_variant_to_char	16	static
/home/haifa/PFA/x-cube-azrtos-f4-main/Middlewares/sail/src/libsail-common/variant.c:227:15:sail_variant_to_unsigned_char	16	static
/home/haifa/PFA/x-cube-azrtos-f4-main/Middlewares/sail/src/libsail-common/variant.c:232:7:sail_variant_to_short	16	static
/home/haifa/PFA/x-cube-azrtos-f4-main/Middlewares/sail/src/libsail-common/variant.c:237:16:sail_variant_to_unsigned_short	16	static
/home/haifa/PFA/x-cube-azrtos-f4-main/Middlewares/sail/src/libsail-common/variant.c:242:5:sail_variant_to_int	16	static
/home/haifa/PFA/x-cube-azrtos-f4-main/Middlewares/sail/src/libsail-common/variant.c:247:14:sail_variant_to_unsigned_int	16	static
/home/haifa/PFA/x-cube-azrtos-f4-main/Middlewares/sail/src/libsail-common/variant.c:252:6:sail_variant_to_long	16	static
/home/haifa/PFA/x-cube-azrtos-f4-main/Middlewares/sail/src/libsail-common/variant.c:257:15:sail_variant_to_unsigned_long	16	static
/home/haifa/PFA/x-cube-azrtos-f4-main/Middlewares/sail/src/libsail-common/variant.c:262:7:sail_variant_to_float	16	static
/home/haifa/PFA/x-cube-azrtos-f4-main/Middlewares/sail/src/libsail-common/variant.c:267:8:sail_variant_to_double	16	static
/home/haifa/PFA/x-cube-azrtos-f4-main/Middlewares/sail/src/libsail-common/variant.c:272:7:sail_variant_to_string	16	static
/home/haifa/PFA/x-cube-azrtos-f4-main/Middlewares/sail/src/libsail-common/variant.c:277:7:sail_variant_to_data	16	static
/home/haifa/PFA/x-cube-azrtos-f4-main/Middlewares/sail/src/libsail-common/variant.c:282:15:sail_check_variant_valid	24	static
/home/haifa/PFA/x-cube-azrtos-f4-main/Middlewares/sail/src/libsail-common/variant.c:293:15:sail_copy_variant	32	static
/home/haifa/PFA/x-cube-azrtos-f4-main/Middlewares/sail/src/libsail-common/variant.c:303:6:sail_equal_variants	24	static
