/home/chayma/x-cube-azrtos-f4-main/Middlewares/sail/src/sail-codecs/bmp/bmp.c:43:22:alloc_bmp_state	24	static
/home/chayma/x-cube-azrtos-f4-main/Middlewares/sail/src/sail-codecs/bmp/bmp.c:58:13:destroy_bmp_state	16	static
/home/chayma/x-cube-azrtos-f4-main/Middlewares/sail/src/sail-codecs/bmp/bmp.c:74:27:sail_codec_load_init_v7_bmp	48	static
/home/chayma/x-cube-azrtos-f4-main/Middlewares/sail/src/sail-codecs/bmp/bmp.c:95:27:sail_codec_load_seek_next_frame_v7_bmp	48	static
/home/chayma/x-cube-azrtos-f4-main/Middlewares/sail/src/sail-codecs/bmp/bmp.c:114:27:sail_codec_load_frame_v7_bmp	48	static
/home/chayma/x-cube-azrtos-f4-main/Middlewares/sail/src/sail-codecs/bmp/bmp.c:127:27:sail_codec_load_finish_v7_bmp	40	static
/home/chayma/x-cube-azrtos-f4-main/Middlewares/sail/src/sail-codecs/bmp/bmp.c:150:27:sail_codec_save_init_v7_bmp	40	static
/home/chayma/x-cube-azrtos-f4-main/Middlewares/sail/src/sail-codecs/bmp/bmp.c:159:27:sail_codec_save_seek_next_frame_v7_bmp	40	static
/home/chayma/x-cube-azrtos-f4-main/Middlewares/sail/src/sail-codecs/bmp/bmp.c:168:27:sail_codec_save_frame_v7_bmp	40	static
/home/chayma/x-cube-azrtos-f4-main/Middlewares/sail/src/sail-codecs/bmp/bmp.c:177:27:sail_codec_save_finish_v7_bmp	32	static
