/home/chayma/x-cube-azrtos-f4-main/Projects/STM32469I-Discovery/Applications/FileX/Libsail_project/Core/Src/main.c:72:5:main	8	static
/home/chayma/x-cube-azrtos-f4-main/Projects/STM32469I-Discovery/Applications/FileX/Libsail_project/Core/Src/main.c:125:13:LCD_Config	16	static
/home/chayma/x-cube-azrtos-f4-main/Projects/STM32469I-Discovery/Applications/FileX/Libsail_project/Core/Src/main.c:165:6:SystemClock_Config	88	static
/home/chayma/x-cube-azrtos-f4-main/Projects/STM32469I-Discovery/Applications/FileX/Libsail_project/Core/Src/main.c:217:6:MX_SDIO_SD_Init	8	static
/home/chayma/x-cube-azrtos-f4-main/Projects/STM32469I-Discovery/Applications/FileX/Libsail_project/Core/Src/main.c:252:13:MX_DMA_Init	16	static
/home/chayma/x-cube-azrtos-f4-main/Projects/STM32469I-Discovery/Applications/FileX/Libsail_project/Core/Src/main.c:273:13:MX_GPIO_Init	24	static
/home/chayma/x-cube-azrtos-f4-main/Projects/STM32469I-Discovery/Applications/FileX/Libsail_project/Core/Src/main.c:296:6:HAL_TIM_PeriodElapsedCallback	16	static
/home/chayma/x-cube-azrtos-f4-main/Projects/STM32469I-Discovery/Applications/FileX/Libsail_project/Core/Src/main.c:313:6:Error_Handler	8	static
