/home/haifa/PFA/x-cube-azrtos-f4-main/Drivers/BSP/STM32469I-Discovery/stm32469i_discovery.c:168:10:BSP_GetVersion	4	static
/home/haifa/PFA/x-cube-azrtos-f4-main/Drivers/BSP/STM32469I-Discovery/stm32469i_discovery.c:182:6:BSP_LED_Init	56	static
/home/haifa/PFA/x-cube-azrtos-f4-main/Drivers/BSP/STM32469I-Discovery/stm32469i_discovery.c:233:6:BSP_LED_DeInit	40	static
/home/haifa/PFA/x-cube-azrtos-f4-main/Drivers/BSP/STM32469I-Discovery/stm32469i_discovery.c:258:6:BSP_LED_On	16	static
/home/haifa/PFA/x-cube-azrtos-f4-main/Drivers/BSP/STM32469I-Discovery/stm32469i_discovery.c:276:6:BSP_LED_Off	16	static
/home/haifa/PFA/x-cube-azrtos-f4-main/Drivers/BSP/STM32469I-Discovery/stm32469i_discovery.c:293:6:BSP_LED_Toggle	16	static
/home/haifa/PFA/x-cube-azrtos-f4-main/Drivers/BSP/STM32469I-Discovery/stm32469i_discovery.c:313:6:BSP_PB_Init	40	static
/home/haifa/PFA/x-cube-azrtos-f4-main/Drivers/BSP/STM32469I-Discovery/stm32469i_discovery.c:355:6:BSP_PB_DeInit	40	static
/home/haifa/PFA/x-cube-azrtos-f4-main/Drivers/BSP/STM32469I-Discovery/stm32469i_discovery.c:373:10:BSP_PB_GetState	16	static
/home/haifa/PFA/x-cube-azrtos-f4-main/Drivers/BSP/STM32469I-Discovery/stm32469i_discovery.c:395:13:I2C1_MspInit	40	static
/home/haifa/PFA/x-cube-azrtos-f4-main/Drivers/BSP/STM32469I-Discovery/stm32469i_discovery.c:455:13:I2C2_MspInit	40	static
/home/haifa/PFA/x-cube-azrtos-f4-main/Drivers/BSP/STM32469I-Discovery/stm32469i_discovery.c:497:13:I2C1_Init	8	static
/home/haifa/PFA/x-cube-azrtos-f4-main/Drivers/BSP/STM32469I-Discovery/stm32469i_discovery.c:520:13:I2C2_Init	8	static
/home/haifa/PFA/x-cube-azrtos-f4-main/Drivers/BSP/STM32469I-Discovery/stm32469i_discovery.c:546:13:I2C1_Write	40	static
/home/haifa/PFA/x-cube-azrtos-f4-main/Drivers/BSP/STM32469I-Discovery/stm32469i_discovery.c:572:16:I2C1_Read	40	static
/home/haifa/PFA/x-cube-azrtos-f4-main/Drivers/BSP/STM32469I-Discovery/stm32469i_discovery.c:603:26:I2C1_ReadMultiple	48	static
/home/haifa/PFA/x-cube-azrtos-f4-main/Drivers/BSP/STM32469I-Discovery/stm32469i_discovery.c:628:26:I2C2_ReadMultiple	48	static
/home/haifa/PFA/x-cube-azrtos-f4-main/Drivers/BSP/STM32469I-Discovery/stm32469i_discovery.c:662:26:I2C1_WriteMultiple	48	static
/home/haifa/PFA/x-cube-azrtos-f4-main/Drivers/BSP/STM32469I-Discovery/stm32469i_discovery.c:687:26:I2C2_WriteMultiple	48	static
/home/haifa/PFA/x-cube-azrtos-f4-main/Drivers/BSP/STM32469I-Discovery/stm32469i_discovery.c:719:26:I2C1_IsDeviceReady	16	static
/home/haifa/PFA/x-cube-azrtos-f4-main/Drivers/BSP/STM32469I-Discovery/stm32469i_discovery.c:728:13:I2C1_Error	16	static
/home/haifa/PFA/x-cube-azrtos-f4-main/Drivers/BSP/STM32469I-Discovery/stm32469i_discovery.c:737:13:I2C2_Error	16	static
/home/haifa/PFA/x-cube-azrtos-f4-main/Drivers/BSP/STM32469I-Discovery/stm32469i_discovery.c:759:6:AUDIO_IO_Init	8	static
/home/haifa/PFA/x-cube-azrtos-f4-main/Drivers/BSP/STM32469I-Discovery/stm32469i_discovery.c:767:6:AUDIO_IO_DeInit	4	static
/home/haifa/PFA/x-cube-azrtos-f4-main/Drivers/BSP/STM32469I-Discovery/stm32469i_discovery.c:778:6:AUDIO_IO_Write	24	static
/home/haifa/PFA/x-cube-azrtos-f4-main/Drivers/BSP/STM32469I-Discovery/stm32469i_discovery.c:789:9:AUDIO_IO_Read	32	static
/home/haifa/PFA/x-cube-azrtos-f4-main/Drivers/BSP/STM32469I-Discovery/stm32469i_discovery.c:802:6:AUDIO_IO_Delay	16	static
/home/haifa/PFA/x-cube-azrtos-f4-main/Drivers/BSP/STM32469I-Discovery/stm32469i_discovery.c:812:6:EEPROM_IO_Init	8	static
/home/haifa/PFA/x-cube-azrtos-f4-main/Drivers/BSP/STM32469I-Discovery/stm32469i_discovery.c:825:19:EEPROM_IO_WriteData	32	static
/home/haifa/PFA/x-cube-azrtos-f4-main/Drivers/BSP/STM32469I-Discovery/stm32469i_discovery.c:838:19:EEPROM_IO_ReadData	32	static
/home/haifa/PFA/x-cube-azrtos-f4-main/Drivers/BSP/STM32469I-Discovery/stm32469i_discovery.c:850:19:EEPROM_IO_IsDeviceReady	16	static
/home/haifa/PFA/x-cube-azrtos-f4-main/Drivers/BSP/STM32469I-Discovery/stm32469i_discovery.c:861:6:TS_IO_Init	8	static
/home/haifa/PFA/x-cube-azrtos-f4-main/Drivers/BSP/STM32469I-Discovery/stm32469i_discovery.c:873:6:TS_IO_Write	16	static
/home/haifa/PFA/x-cube-azrtos-f4-main/Drivers/BSP/STM32469I-Discovery/stm32469i_discovery.c:885:9:TS_IO_Read	16	static
/home/haifa/PFA/x-cube-azrtos-f4-main/Drivers/BSP/STM32469I-Discovery/stm32469i_discovery.c:899:10:TS_IO_ReadMultiple	24	static
/home/haifa/PFA/x-cube-azrtos-f4-main/Drivers/BSP/STM32469I-Discovery/stm32469i_discovery.c:912:6:TS_IO_WriteMultiple	24	static
/home/haifa/PFA/x-cube-azrtos-f4-main/Drivers/BSP/STM32469I-Discovery/stm32469i_discovery.c:921:6:TS_IO_Delay	16	static
/home/haifa/PFA/x-cube-azrtos-f4-main/Drivers/BSP/STM32469I-Discovery/stm32469i_discovery.c:931:6:OTM8009A_IO_Delay	16	static
/home/haifa/PFA/x-cube-azrtos-f4-main/Drivers/BSP/STM32469I-Discovery/stm32469i_discovery.c:941:6:NT35510_IO_Delay	16	static
